Forbidden: bot was kicked from the supergroup chatForbidden: bot was kicked from the supergroup chatForbidden: bot was kicked from the supergroup chatForbidden: bot was kicked from the supergroup chatForbidden: bot was kicked from the supergroup chatForbidden: bot was kicked from the supergroup chatForbidden: bot was kicked from the supergroup chatForbidden: bot was kicked from the supergroup chatForbidden: bot was kicked from the supergroup chatForbidden: bot was kicked from the supergroup chatForbidden: bot was kicked from the supergroup chatForbidden: bot was kicked from the supergroup chatForbidden: bot was kicked from the supergroup chatForbidden: bot was kicked from the supergroup chatForbidden: bot was kicked from the supergroup chatForbidden: bot was kicked from the supergroup chatForbidden: bot was kicked from the supergroup chatForbidden: bot was kicked from the supergroup chatForbidden: bot was kicked from the supergroup chatForbidden: bot was kicked from the supergroup chatForbidden: bot was kicked from the supergroup chatForbidden: bot was kicked from the supergroup chatForbidden: bot was kicked from the supergroup chatForbidden: bot was kicked from the supergroup chatForbidden: bot was kicked from the supergroup chatForbidden: bot was kicked from the supergroup chatForbidden: bot was kicked from the supergroup chatForbidden: bot was kicked from the supergroup chatForbidden: bot was kicked from the supergroup chatForbidden: bot was kicked from the supergroup chatForbidden: bot was kicked from the supergroup chatForbidden: bot was kicked from the supergroup chatForbidden: bot was kicked from the supergroup chatForbidden: bot was kicked from the supergroup chatForbidden: bot was kicked from the supergroup chatForbidden: bot was kicked from the supergroup chatForbidden: bot was kicked from the supergroup chatForbidden: bot was kicked from the supergroup chatForbidden: bot was kicked from the supergroup chatForbidden: bot was kicked from the supergroup chatForbidden: bot was kicked from the supergroup chatForbidden: bot was kicked from the supergroup chatForbidden: bot was kicked from the supergroup chatForbidden: bot was kicked from the supergroup chatForbidden: bot was kicked from the supergroup chatForbidden: bot was kicked from the supergroup chatForbidden: bot was kicked from the supergroup chatForbidden: bot was kicked from the supergroup chat